// Jest Snapshot v1, https://goo.gl/fbAQLP

exports[`Render component should take snapshot 1`] = `
<div>
  Ya Ali Madad!
</div>
`;
